// Jest Snapshot v1, https://goo.gl/fbAQLP

exports[`App should render correctly 1`] = `
<ContextConsumer>
  <Component />
</ContextConsumer>
`;

exports[`App should render user detail page correctly 1`] = `
<ContextConsumer>
  <Component />
</ContextConsumer>
`;

exports[`App should render users page correctly 1`] = `
<ContextConsumer>
  <Component />
</ContextConsumer>
`;

exports[`should render App correctly 1`] = `
<ContextConsumer>
  <Component />
</ContextConsumer>
`;

exports[`should render URL correctly 1`] = `
<ContextConsumer>
  <Component />
</ContextConsumer>
`;

exports[`should render User component 1`] = `
<ContextConsumer>
  <Component />
</ContextConsumer>
`;

exports[`should render Users component 1`] = `
<ContextConsumer>
  <Component />
</ContextConsumer>
`;

exports[`should render user detail URL correctly 1`] = `
<ContextConsumer>
  <Component />
</ContextConsumer>
`;

exports[`should render user detail page correctly 1`] = `
<ContextConsumer>
  <Component />
</ContextConsumer>
`;

exports[`should render user detail page correctly 2`] = `
<ContextConsumer>
  <Component />
</ContextConsumer>
`;

exports[`should render users URL correctly 1`] = `
<ContextConsumer>
  <Component />
</ContextConsumer>
`;

exports[`should render users page correctly 1`] = `
<ContextConsumer>
  <Component />
</ContextConsumer>
`;
